###############################################################################
#
# IAR ELF Linker V8.30.1.114/W32 for ARM                  22/Nov/2019  19:53:33
# Copyright 2007-2018 IAR Systems AB.
#
#    Output file  =  E:\Robocon_Value\Handle\EWARM\handle\Exe\handle.out
#    Map file     =  E:\Robocon_Value\Handle\EWARM\handle\List\handle.map
#    Command line =  
#        -f C:\Users\DELL\AppData\Local\Temp\EWAEC9.tmp
#        (E:\Robocon_Value\Handle\EWARM\handle\Obj\adc.o
#        E:\Robocon_Value\Handle\EWARM\handle\Obj\adc_func.o
#        E:\Robocon_Value\Handle\EWARM\handle\Obj\can.o
#        E:\Robocon_Value\Handle\EWARM\handle\Obj\can_func.o
#        E:\Robocon_Value\Handle\EWARM\handle\Obj\can_utils.o
#        E:\Robocon_Value\Handle\EWARM\handle\Obj\cmd.o
#        E:\Robocon_Value\Handle\EWARM\handle\Obj\cmd_func.o
#        E:\Robocon_Value\Handle\EWARM\handle\Obj\dma.o
#        E:\Robocon_Value\Handle\EWARM\handle\Obj\flags.o
#        E:\Robocon_Value\Handle\EWARM\handle\Obj\flash.o
#        E:\Robocon_Value\Handle\EWARM\handle\Obj\fsmc.o
#        E:\Robocon_Value\Handle\EWARM\handle\Obj\gpio.o
#        E:\Robocon_Value\Handle\EWARM\handle\Obj\hash.o
#        E:\Robocon_Value\Handle\EWARM\handle\Obj\ILI93xx.o
#        E:\Robocon_Value\Handle\EWARM\handle\Obj\lcd_func.o
#        E:\Robocon_Value\Handle\EWARM\handle\Obj\main.o
#        E:\Robocon_Value\Handle\EWARM\handle\Obj\nrf24l01.o
#        E:\Robocon_Value\Handle\EWARM\handle\Obj\nrf_comm.o
#        E:\Robocon_Value\Handle\EWARM\handle\Obj\simplelib.o
#        E:\Robocon_Value\Handle\EWARM\handle\Obj\spi.o
#        E:\Robocon_Value\Handle\EWARM\handle\Obj\startup_stm32f407xx.o
#        E:\Robocon_Value\Handle\EWARM\handle\Obj\stm32f4xx_hal.o
#        E:\Robocon_Value\Handle\EWARM\handle\Obj\stm32f4xx_hal_adc.o
#        E:\Robocon_Value\Handle\EWARM\handle\Obj\stm32f4xx_hal_adc_ex.o
#        E:\Robocon_Value\Handle\EWARM\handle\Obj\stm32f4xx_hal_can.o
#        E:\Robocon_Value\Handle\EWARM\handle\Obj\stm32f4xx_hal_cortex.o
#        E:\Robocon_Value\Handle\EWARM\handle\Obj\stm32f4xx_hal_dma.o
#        E:\Robocon_Value\Handle\EWARM\handle\Obj\stm32f4xx_hal_dma_ex.o
#        E:\Robocon_Value\Handle\EWARM\handle\Obj\stm32f4xx_hal_exti.o
#        E:\Robocon_Value\Handle\EWARM\handle\Obj\stm32f4xx_hal_flash.o
#        E:\Robocon_Value\Handle\EWARM\handle\Obj\stm32f4xx_hal_flash_ex.o
#        E:\Robocon_Value\Handle\EWARM\handle\Obj\stm32f4xx_hal_flash_ramfunc.o
#        E:\Robocon_Value\Handle\EWARM\handle\Obj\stm32f4xx_hal_gpio.o
#        E:\Robocon_Value\Handle\EWARM\handle\Obj\stm32f4xx_hal_msp.o
#        E:\Robocon_Value\Handle\EWARM\handle\Obj\stm32f4xx_hal_pwr.o
#        E:\Robocon_Value\Handle\EWARM\handle\Obj\stm32f4xx_hal_pwr_ex.o
#        E:\Robocon_Value\Handle\EWARM\handle\Obj\stm32f4xx_hal_rcc.o
#        E:\Robocon_Value\Handle\EWARM\handle\Obj\stm32f4xx_hal_rcc_ex.o
#        E:\Robocon_Value\Handle\EWARM\handle\Obj\stm32f4xx_hal_spi.o
#        E:\Robocon_Value\Handle\EWARM\handle\Obj\stm32f4xx_hal_sram.o
#        E:\Robocon_Value\Handle\EWARM\handle\Obj\stm32f4xx_hal_tim.o
#        E:\Robocon_Value\Handle\EWARM\handle\Obj\stm32f4xx_hal_tim_ex.o
#        E:\Robocon_Value\Handle\EWARM\handle\Obj\stm32f4xx_hal_uart.o
#        E:\Robocon_Value\Handle\EWARM\handle\Obj\stm32f4xx_it.o
#        E:\Robocon_Value\Handle\EWARM\handle\Obj\stm32f4xx_ll_fsmc.o
#        E:\Robocon_Value\Handle\EWARM\handle\Obj\stmflash.o
#        E:\Robocon_Value\Handle\EWARM\handle\Obj\sys.o
#        E:\Robocon_Value\Handle\EWARM\handle\Obj\system_stm32f4xx.o
#        E:\Robocon_Value\Handle\EWARM\handle\Obj\usart.o
#        E:\Robocon_Value\Handle\EWARM\handle\Obj\utils.o --redirect
#        _Printf=_PrintfFull --redirect _Scanf=_ScanfFull --no_out_extension -o
#        E:\Robocon_Value\Handle\EWARM\handle\Exe\handle.out --map
#        E:\Robocon_Value\Handle\EWARM\handle\List\handle.map --config
#        E:\Robocon_Value\Handle\EWARM/stm32f407xx_flash.icf --semihosting
#        --entry __iar_program_start --vfe --text_out locale)
#
###############################################################################

*******************************************************************************
*** RUNTIME MODEL ATTRIBUTES
***

CppFlavor       = *
__Heap_Handler  = DLMalloc
__SystemLibrary = DLib
__dlib_version  = 6


*******************************************************************************
*** HEAP SELECTION
***

The advanced heap was selected because the application calls memory
allocation functions outside of system library functions, and there
are calls to deallocation functions in the application.


*******************************************************************************
*** PLACEMENT SUMMARY
***

"A0":  place at 0x800'0000 { ro section .intvec };
"P1":  place in [from 0x800'0000 to 0x80f'ffff] { ro };
define block CSTACK with size = 1K, alignment = 8 { };
define block HEAP with size = 512, alignment = 8 { };
"P2":  place in [from 0x2000'0000 to 0x2001'ffff] {
          rw, block CSTACK, block HEAP };
initialize by copy { rw };

  Section            Kind         Address    Size  Object
  -------            ----         -------    ----  ------
"A0":                                       0x188
  .intvec            ro code   0x800'0000   0x188  startup_stm32f407xx.o [1]
                             - 0x800'0188   0x188

"P1":                                      0xa5da
  .text              ro code   0x800'0188   0xf80  dlmalloc.o [2]
  .text              ro code   0x800'1108     0x6  abort.o [2]
  .text              ro code   0x800'110e    0x7a  lz77_init_single.o [4]
  .text              ro code   0x800'1188    0x2c  xgetmemchunk.o [2]
  .text              ro code   0x800'11b4    0x14  exit.o [5]
  .text              ro code   0x800'11c8   0xf7a  xprintffull.o [2]
  .text              ro code   0x800'2142    0x3a  zero_init3.o [4]
  .text              ro code   0x800'217c    0x78  xlocale_c.o [2]
  .text              ro code   0x800'21f4    0x16  strchr.o [4]
  .text              ro code   0x800'220a    0x1e  xencoding_8859_1.o [2]
  .text              ro code   0x800'2228    0x40  xfail_s.o [2]
  .text              ro code   0x800'2268    0x36  strlen.o [4]
  .text              ro code   0x800'229e    0x1a  xsnprout.o [2]
  .text              ro code   0x800'22b8    0x58  memchr.o [4]
  .text              ro code   0x800'2310     0xa  xmbcurmax.o [2]
  .text              ro code   0x800'231c    0xa6  ABImemcpy.o [4]
  .text              ro code   0x800'23c4   0x230  I64DivMod.o [4]
  .text              ro code   0x800'25f4   0x1a2  DblMul.o [3]
  .text              ro code   0x800'2798    0x70  frexp.o [3]
  .text              ro code   0x800'2808    0x2e  DblCmpLe.o [3]
  .text              ro code   0x800'2838    0x2e  DblCmpGe.o [3]
  .text              ro code   0x800'2868   0x13a  ldexp.o [3]
  .text              ro code   0x800'29a4    0x3a  DblToS32.o [3]
  .text              ro code   0x800'29e0    0x22  S32ToDbl.o [3]
  .text              ro code   0x800'2a04    0xe2  DblSub.o [3]
  .text              ro code   0x800'2ae8   0x246  DblDiv.o [3]
  .text              ro code   0x800'2d30    0x28  DblToU32.o [3]
  .text              ro code   0x800'2d58    0x1a  U32ToDbl.o [3]
  .text              ro code   0x800'2d74     0x2  I64DivZer.o [4]
  .text              ro code   0x800'2d78   0x16a  DblAdd.o [3]
  .rodata            const     0x800'2ee4   0xd5c  ILI93xx.o [1]
  .text              ro code   0x800'3c40   0x9d0  ILI93xx.o [1]
  .text              ro code   0x800'4610   0x288  stm32f4xx_hal_gpio.o [1]
  .text              ro code   0x800'4898    0x5c  stm32f4xx_hal_sram.o [1]
  .text              ro code   0x800'48f4    0x28  stm32f4xx_hal.o [1]
  .text              ro code   0x800'491c   0x208  gpio.o [1]
  .text              ro code   0x800'4b24   0x154  fsmc.o [1]
  .text              ro code   0x800'4c78    0xec  stm32f4xx_ll_fsmc.o [1]
  .text              ro code   0x800'4d64     0xc  stm32f4xx_hal.o [1]
  .text              ro code   0x800'4d70     0x6  ABImemclr4.o [4]
  .text              ro code   0x800'4d78   0x158  stm32f4xx_hal_cortex.o [1]
  .text              ro code   0x800'4ed0   0x9a8  nrf24l01.o [1]
  .text              ro code   0x800'5878   0x1fe  main.o [1]
  .text              ro code   0x800'5a78    0x32  ABImemset48.o [4]
  .text              ro code   0x800'5aac    0x68  memcmp.o [4]
  .text              ro code   0x800'5b14   0x784  stm32f4xx_hal_spi.o [1]
  .text              ro code   0x800'6298    0x34  stm32f4xx_hal.o [1]
  .text              ro code   0x800'62cc    0x50  dma.o [1]
  .text              ro code   0x800'631c   0x148  usart.o [1]
  .text              ro code   0x800'6464    0xf4  can.o [1]
  .text              ro code   0x800'6558   0x174  adc.o [1]
  .text              ro code   0x800'66cc    0xc0  spi.o [1]
  .text              ro code   0x800'678c    0x78  simplelib.o [1]
  .text              ro code   0x800'6804   0x872  stm32f4xx_hal_adc.o [1]
  .text              ro code   0x800'7078   0x238  nrf_comm.o [1]
  .text              ro code   0x800'72b0   0x2fc  lcd_func.o [1]
  .text              ro code   0x800'75ac    0x78  adc_func.o [1]
  .text              ro code   0x800'7624   0x380  stm32f4xx_hal_rcc.o [1]
  .text              ro code   0x800'79a4   0x224  stm32f4xx_hal_rcc.o [1]
  .text              ro code   0x800'7bc8    0x4c  stm32f4xx_hal.o [1]
  .text              ro code   0x800'7c14    0x40  stm32f4xx_hal_msp.o [1]
  .text              ro code   0x800'7c54   0x878  stm32f4xx_hal_uart.o [1]
  .text              ro code   0x800'84cc   0x4b4  stm32f4xx_hal_dma.o [1]
  .text              ro code   0x800'8980   0x6a4  stm32f4xx_hal_can.o [1]
  .text              ro code   0x800'9024   0x2a8  cmd.o [1]
  .text              ro code   0x800'92cc   0x15a  can_utils.o [1]
  .text              ro code   0x800'9426     0x2  stm32f4xx_hal_adc.o [1]
  .text              ro code   0x800'9428     0x2  stm32f4xx_hal_adc_ex.o [1]
  .text              ro code   0x800'942a     0x2  stm32f4xx_hal_adc.o [1]
  .text              ro code   0x800'942c     0x2  stm32f4xx_hal_adc.o [1]
  .text              ro code   0x800'942e     0x2  stm32f4xx_hal_adc.o [1]
  .text              ro code   0x800'9430     0x2  nrf_comm.o [1]
  .text              ro code   0x800'9434    0x66  ABImemset.o [4]
  .text              ro code   0x800'949a     0x2  nrf_comm.o [1]
  .text              ro code   0x800'949c     0x2  nrf_comm.o [1]
  .text              ro code   0x800'949e     0x2  nrf_comm.o [1]
  .text              ro code   0x800'94a0     0x2  nrf_comm.o [1]
  .text              ro code   0x800'94a2     0x2  stm32f4xx_hal_uart.o [1]
  .text              ro code   0x800'94a4     0x2  stm32f4xx_hal_uart.o [1]
  .text              ro code   0x800'94a6     0x2  stm32f4xx_hal_uart.o [1]
  .text              ro code   0x800'94a8     0x2  stm32f4xx_hal_uart.o [1]
  .text              ro code   0x800'94aa     0x2  stm32f4xx_hal_uart.o [1]
  .text              ro code   0x800'94ac     0x2  stm32f4xx_hal_can.o [1]
  .text              ro code   0x800'94ae     0x2  stm32f4xx_hal_can.o [1]
  .text              ro code   0x800'94b0     0x2  stm32f4xx_hal_can.o [1]
  .text              ro code   0x800'94b2     0x2  stm32f4xx_hal_can.o [1]
  .text              ro code   0x800'94b4     0x2  stm32f4xx_hal_can.o [1]
  .text              ro code   0x800'94b6     0x2  stm32f4xx_hal_can.o [1]
  .text              ro code   0x800'94b8     0x2  stm32f4xx_hal_can.o [1]
  .text              ro code   0x800'94ba     0x2  stm32f4xx_hal_can.o [1]
  .text              ro code   0x800'94bc     0x2  stm32f4xx_hal_can.o [1]
  .text              ro code   0x800'94be     0x2  stm32f4xx_hal_can.o [1]
  .text              ro code   0x800'94c0     0x2  stm32f4xx_hal_can.o [1]
  .text              ro code   0x800'94c4   0x224  hash.o [1]
  .text              ro code   0x800'96e8    0x4c  strtok.o [2]
  .text              ro code   0x800'9734    0x4c  strcpy.o [4]
  .text              ro code   0x800'9780    0x3c  vsnprint.o [2]
  .text              ro code   0x800'97bc    0x4a  strcmp.o [4]
  .text              ro code   0x800'9808    0x24  ABIassert.o [5]
  .text              ro code   0x800'982c    0x22  strspn.o [2]
  .text              ro code   0x800'984e    0x22  strcspn.o [2]
  .rodata            const     0x800'9870   0x5f0  ILI93xx.o [1]
  .rodata            const     0x800'9e60   0x474  ILI93xx.o [1]
  .text              ro code   0x800'a2d4    0xcc  stm32f4xx_it.o [1]
  .text              ro code   0x800'a3a0    0x18  stm32f4xx_hal.o [1]
  .text              ro code   0x800'a3b8    0x60  system_stm32f4xx.o [1]
  .rodata            const     0x800'a418    0x34  hash.o [1]
  .text              ro code   0x800'a44c    0x28  data_init.o [4]
  .text              ro code   0x800'a474    0x22  fpinit_M.o [3]
  .iar.init_table    const     0x800'a498    0x20  - Linker created -
  .rodata            const     0x800'a4b8    0x20  hash.o [1]
  .text              ro code   0x800'a4d8    0x1e  cmain.o [4]
  .text              ro code   0x800'a4f6     0x4  low_level_init.o [2]
  .text              ro code   0x800'a4fa     0x4  exit.o [2]
  .text              ro code   0x800'a500     0xa  cexit.o [4]
  .rodata            const     0x800'a50c    0x18  simplelib.o [1]
  .rodata            const     0x800'a524    0x10  cmd.o [1]
  .rodata            const     0x800'a534    0x10  cmd.o [1]
  .rodata            const     0x800'a544    0x10  system_stm32f4xx.o [1]
  .text              ro code   0x800'a554    0x10  startup_stm32f407xx.o [1]
  .rodata            const     0x800'a564     0xc  cmd.o [1]
  .rodata            const     0x800'a570     0xc  hash.o [1]
  .rodata            const     0x800'a57c     0xc  nrf_comm.o [1]
  .text              ro code   0x800'a588     0xc  cstartup_M.o [4]
  .rodata            const     0x800'a594     0x8  cmd.o [1]
  .rodata            const     0x800'a59c     0x8  cmd.o [1]
  .rodata            const     0x800'a5a4     0x8  cmd.o [1]
  .rodata            const     0x800'a5ac     0x8  hash.o [1]
  .rodata            const     0x800'a5b4     0x8  lcd_func.o [1]
  .rodata            const     0x800'a5bc     0x8  lcd_func.o [1]
  .rodata            const     0x800'a5c4     0x8  lcd_func.o [1]
  .rodata            const     0x800'a5cc     0x8  lcd_func.o [1]
  .rodata            const     0x800'a5d4     0x8  main.o [1]
  .rodata            const     0x800'a5dc     0x8  stm32f4xx_hal_dma.o [1]
  .rodata            const     0x800'a5e4     0x8  system_stm32f4xx.o [1]
  .rodata            const     0x800'a5ec     0x6  xlocale_c.o [2]
  .rodata            const     0x800'a5f4     0x4  nrf24l01.o [1]
  .text              ro code   0x800'a5f8     0x4  startup_stm32f407xx.o [1]
  .text              ro code   0x800'a5fc     0x4  startup_stm32f407xx.o [1]
  .text              ro code   0x800'a600     0x4  startup_stm32f407xx.o [1]
  .text              ro code   0x800'a604     0x4  startup_stm32f407xx.o [1]
  .text              ro code   0x800'a608     0x4  startup_stm32f407xx.o [1]
  .text              ro code   0x800'a60c     0x4  startup_stm32f407xx.o [1]
  .text              ro code   0x800'a610     0x4  startup_stm32f407xx.o [1]
  .text              ro code   0x800'a614     0x4  startup_stm32f407xx.o [1]
  .text              ro code   0x800'a618     0x4  startup_stm32f407xx.o [1]
  .text              ro code   0x800'a61c     0x4  startup_stm32f407xx.o [1]
  .text              ro code   0x800'a620     0x4  startup_stm32f407xx.o [1]
  .text              ro code   0x800'a624     0x4  startup_stm32f407xx.o [1]
  .text              ro code   0x800'a628     0x4  startup_stm32f407xx.o [1]
  .text              ro code   0x800'a62c     0x4  startup_stm32f407xx.o [1]
  .text              ro code   0x800'a630     0x4  startup_stm32f407xx.o [1]
  .text              ro code   0x800'a634     0x4  startup_stm32f407xx.o [1]
  .text              ro code   0x800'a638     0x4  startup_stm32f407xx.o [1]
  .text              ro code   0x800'a63c     0x4  startup_stm32f407xx.o [1]
  .text              ro code   0x800'a640     0x4  startup_stm32f407xx.o [1]
  .text              ro code   0x800'a644     0x4  startup_stm32f407xx.o [1]
  .text              ro code   0x800'a648     0x4  startup_stm32f407xx.o [1]
  .text              ro code   0x800'a64c     0x4  startup_stm32f407xx.o [1]
  .text              ro code   0x800'a650     0x4  startup_stm32f407xx.o [1]
  .text              ro code   0x800'a654     0x4  startup_stm32f407xx.o [1]
  .text              ro code   0x800'a658     0x4  startup_stm32f407xx.o [1]
  .text              ro code   0x800'a65c     0x4  startup_stm32f407xx.o [1]
  .text              ro code   0x800'a660     0x4  startup_stm32f407xx.o [1]
  .text              ro code   0x800'a664     0x4  startup_stm32f407xx.o [1]
  .text              ro code   0x800'a668     0x4  startup_stm32f407xx.o [1]
  .text              ro code   0x800'a66c     0x4  startup_stm32f407xx.o [1]
  .text              ro code   0x800'a670     0x4  startup_stm32f407xx.o [1]
  .text              ro code   0x800'a674     0x4  startup_stm32f407xx.o [1]
  .text              ro code   0x800'a678     0x4  startup_stm32f407xx.o [1]
  .text              ro code   0x800'a67c     0x4  startup_stm32f407xx.o [1]
  .text              ro code   0x800'a680     0x4  startup_stm32f407xx.o [1]
  .text              ro code   0x800'a684     0x4  startup_stm32f407xx.o [1]
  .text              ro code   0x800'a688     0x4  startup_stm32f407xx.o [1]
  .text              ro code   0x800'a68c     0x4  startup_stm32f407xx.o [1]
  .text              ro code   0x800'a690     0x4  startup_stm32f407xx.o [1]
  .text              ro code   0x800'a694     0x4  startup_stm32f407xx.o [1]
  .text              ro code   0x800'a698     0x4  startup_stm32f407xx.o [1]
  .text              ro code   0x800'a69c     0x4  startup_stm32f407xx.o [1]
  .text              ro code   0x800'a6a0     0x4  startup_stm32f407xx.o [1]
  .text              ro code   0x800'a6a4     0x4  startup_stm32f407xx.o [1]
  .text              ro code   0x800'a6a8     0x4  startup_stm32f407xx.o [1]
  .text              ro code   0x800'a6ac     0x4  startup_stm32f407xx.o [1]
  .text              ro code   0x800'a6b0     0x4  startup_stm32f407xx.o [1]
  .text              ro code   0x800'a6b4     0x4  startup_stm32f407xx.o [1]
  .text              ro code   0x800'a6b8     0x4  startup_stm32f407xx.o [1]
  .text              ro code   0x800'a6bc     0x4  startup_stm32f407xx.o [1]
  .text              ro code   0x800'a6c0     0x4  startup_stm32f407xx.o [1]
  .text              ro code   0x800'a6c4     0x4  startup_stm32f407xx.o [1]
  .text              ro code   0x800'a6c8     0x4  startup_stm32f407xx.o [1]
  .text              ro code   0x800'a6cc     0x4  startup_stm32f407xx.o [1]
  .text              ro code   0x800'a6d0     0x4  startup_stm32f407xx.o [1]
  .text              ro code   0x800'a6d4     0x4  startup_stm32f407xx.o [1]
  .text              ro code   0x800'a6d8     0x4  startup_stm32f407xx.o [1]
  .text              ro code   0x800'a6dc     0x4  startup_stm32f407xx.o [1]
  .text              ro code   0x800'a6e0     0x4  startup_stm32f407xx.o [1]
  .text              ro code   0x800'a6e4     0x4  startup_stm32f407xx.o [1]
  .text              ro code   0x800'a6e8     0x4  startup_stm32f407xx.o [1]
  .text              ro code   0x800'a6ec     0x4  startup_stm32f407xx.o [1]
  .text              ro code   0x800'a6f0     0x4  startup_stm32f407xx.o [1]
  .text              ro code   0x800'a6f4     0x4  startup_stm32f407xx.o [1]
  .text              ro code   0x800'a6f8     0x4  startup_stm32f407xx.o [1]
  .text              ro code   0x800'a6fc     0x4  startup_stm32f407xx.o [1]
  .text              ro code   0x800'a700     0x4  startup_stm32f407xx.o [1]
  .rodata            const     0x800'a704     0x0  zero_init3.o [4]
  .rodata            const     0x800'a704     0x0  lz77_init_single.o [4]
  Initializer bytes  const     0x800'a704    0x5e  <for P2-1>
                             - 0x800'a762  0xa5da

"P2", part 1 of 3:                           0xbf
  P2-1                        0x2000'0000    0xbf  <Init block>
    .data            inited   0x2000'0000     0x8  can_utils.o [1]
    .data            inited   0x2000'0008     0x4  cmd.o [1]
    .data            inited   0x2000'000c    0x18  cmd.o [1]
    .data            inited   0x2000'0024    0x10  nrf24l01.o [1]
    .data            inited   0x2000'0034     0x4  stm32f4xx_hal.o [1]
    .data            inited   0x2000'0038     0x4  system_stm32f4xx.o [1]
    .data            inited   0x2000'003c    0x38  xlocale_c.o [2]
    .data            inited   0x2000'0074    0x48  xlocale_c.o [2]
    .data            inited   0x2000'00bc     0x2  ILI93xx.o [1]
    .data            inited   0x2000'00be     0x1  stm32f4xx_hal.o [1]
                            - 0x2000'00bf    0xbf

"P2", part 2 of 3:                          0x894
  .bss               zero     0x2000'00c0   0x1d8  dlmalloc.o [2]
  .bss               zero     0x2000'0298    0x68  cmd.o [1]
  .bss               zero     0x2000'0300    0x64  cmd.o [1]
  .bss               zero     0x2000'0364    0x64  cmd.o [1]
  .bss               zero     0x2000'03c8    0x64  nrf_comm.o [1]
  .bss               zero     0x2000'042c    0x60  adc.o [1]
  .bss               zero     0x2000'048c    0x60  usart.o [1]
  .bss               zero     0x2000'04ec    0x60  usart.o [1]
  .bss               zero     0x2000'054c    0x58  spi.o [1]
  .bss               zero     0x2000'05a4    0x50  fsmc.o [1]
  .bss               zero     0x2000'05f4    0x50  ILI93xx.o [1]
  .bss               zero     0x2000'0644    0x48  adc.o [1]
  .bss               zero     0x2000'068c    0x40  cmd.o [1]
  .bss               zero     0x2000'06cc    0x40  usart.o [1]
  .bss               zero     0x2000'070c    0x30  cmd.o [1]
  .bss               zero     0x2000'073c    0x28  can.o [1]
  .bss               zero     0x2000'0764    0x28  can_utils.o [1]
  .bss               zero     0x2000'078c    0x28  lcd_func.o [1]
  .bss               zero     0x2000'07b4    0x24  nrf24l01.o [1]
  .bss               zero     0x2000'07d8    0x24  nrf24l01.o [1]
  .bss               zero     0x2000'07fc    0x24  nrf24l01.o [1]
  .bss               zero     0x2000'0820    0x20  nrf24l01.o [1]
  .bss               zero     0x2000'0840    0x1c  can_utils.o [1]
  .bss               zero     0x2000'085c    0x18  can_utils.o [1]
  .bss               zero     0x2000'0874    0x18  dlmalloc.o [2]
  .bss               zero     0x2000'088c    0x10  ILI93xx.o [1]
  .bss               zero     0x2000'089c     0xc  adc_func.o [1]
  .bss               zero     0x2000'08a8     0xc  lcd_func.o [1]
  .bss               zero     0x2000'08b4     0xc  lcd_func.o [1]
  .bss               zero     0x2000'08c0     0xc  lcd_func.o [1]
  .bss               zero     0x2000'08cc     0xc  lcd_func.o [1]
  .bss               zero     0x2000'08d8     0x8  can_utils.o [1]
  .bss               zero     0x2000'08e0     0x8  can_utils.o [1]
  .bss               zero     0x2000'08e8     0x8  nrf24l01.o [1]
  .bss               zero     0x2000'08f0     0x8  nrf24l01.o [1]
  .bss               zero     0x2000'08f8     0x4  adc_func.o [1]
  .bss               zero     0x2000'08fc     0x4  can_utils.o [1]
  .bss               zero     0x2000'0900     0x4  can_utils.o [1]
  .bss               zero     0x2000'0904     0x4  can_utils.o [1]
  .bss               zero     0x2000'0908     0x4  cmd.o [1]
  .bss               zero     0x2000'090c     0x4  cmd.o [1]
  .bss               zero     0x2000'0910     0x4  cmd.o [1]
  .bss               zero     0x2000'0914     0x4  flags.o [1]
  .bss               zero     0x2000'0918     0x4  fsmc.o [1]
  .bss               zero     0x2000'091c     0x4  lcd_func.o [1]
  .bss               zero     0x2000'0920     0x4  main.o [1]
  .bss               zero     0x2000'0924     0x4  main.o [1]
  .bss               zero     0x2000'0928     0x4  main.o [1]
  .bss               zero     0x2000'092c     0x4  main.o [1]
  .bss               zero     0x2000'0930     0x4  nrf_comm.o [1]
  .bss               zero     0x2000'0934     0x4  stm32f4xx_hal.o [1]
  .bss               zero     0x2000'0938     0x4  strtok.o [2]
  .bss               zero     0x2000'093c     0x4  xfail_s.o [2]
  .bss               zero     0x2000'0940     0x4  xgetmemchunk.o [2]
  .bss               zero     0x2000'0944     0x2  ILI93xx.o [1]
  .bss               zero     0x2000'0946     0x2  main.o [1]
  .bss               zero     0x2000'0948     0x1  nrf24l01.o [1]
  .bss               zero     0x2000'0949     0x1  nrf24l01.o [1]
  .bss               zero     0x2000'094a     0x1  nrf24l01.o [1]
  .bss               zero     0x2000'094b     0x1  nrf24l01.o [1]
  .bss               zero     0x2000'094c     0x1  nrf24l01.o [1]
  .bss               zero     0x2000'094d     0x1  nrf24l01.o [1]
  .bss               zero     0x2000'094e     0x1  nrf_comm.o [1]
  .bss               zero     0x2000'094f     0x1  nrf_comm.o [1]
  .bss               zero     0x2000'0950     0x1  nrf_comm.o [1]
                            - 0x2000'0951   0x891

"P2", part 3 of 3:                          0x600
  CSTACK                      0x2000'0958   0x400  <Block>
    CSTACK           uninit   0x2000'0958   0x400  <Block tail>
  HEAP                        0x2000'0d58   0x200  <Block>
    HEAP             uninit   0x2000'0d58   0x200  <Block tail>
                            - 0x2000'0f58   0x600

Unused ranges:

         From           To      Size
         ----           --      ----
   0x800'a762   0x80f'ffff  0xf'589e
  0x2000'00bf  0x2000'00bf       0x1
  0x2000'0954  0x2000'0957       0x4
  0x2000'0f58  0x2001'ffff  0x1'f0a8


*******************************************************************************
*** INIT TABLE
***

          Address      Size
          -------      ----
Zero (__iar_zero_init3)
    1 destination range, total size 0x891:
          0x2000'00c0  0x891

Copy/lz77 (__iar_lz77_init_single3)
    1 source range, total size 0x5e (49% of destination):
           0x800'a704   0x5e
    1 destination range, total size 0xbf:
          0x2000'0000   0xbf



*******************************************************************************
*** MODULE SUMMARY
***

    Module                  ro code  ro data  rw data
    ------                  -------  -------  -------
command line/config:
    -------------------------------------------------
    Total:

E:\Robocon_Value\Handle\EWARM\handle\Obj: [1]
    ILI93xx.o                 2 512    6 081      100
    adc.o                       372               168
    adc_func.o                  120                16
    can.o                       244                40
    can_utils.o                 346        3      128
    cmd.o                       680       82      456
    dma.o                        80
    flags.o                                         4
    fsmc.o                      340                84
    gpio.o                      520
    hash.o                      548      104
    lcd_func.o                  764       32       92
    main.o                      510        8       18
    nrf24l01.o                2 472       12      178
    nrf_comm.o                  578       12      107
    simplelib.o                 120       24
    spi.o                       192                88
    startup_stm32f407xx.o       676
    stm32f4xx_hal.o             204        3        9
    stm32f4xx_hal_adc.o       2 170
    stm32f4xx_hal_adc_ex.o        2
    stm32f4xx_hal_can.o       1 722
    stm32f4xx_hal_cortex.o      344
    stm32f4xx_hal_dma.o       1 204        8
    stm32f4xx_hal_gpio.o        648
    stm32f4xx_hal_msp.o          64
    stm32f4xx_hal_rcc.o       1 444
    stm32f4xx_hal_spi.o       1 924
    stm32f4xx_hal_sram.o         92
    stm32f4xx_hal_uart.o      2 178
    stm32f4xx_it.o              204
    stm32f4xx_ll_fsmc.o         236
    system_stm32f4xx.o           96       26        4
    usart.o                     328               256
    -------------------------------------------------
    Total:                   23 934    6 395    1 748

dl7M_tlf.a: [2]
    abort.o                       6
    dlmalloc.o                3 968               496
    exit.o                        4
    low_level_init.o              4
    strcspn.o                    34
    strspn.o                     34
    strtok.o                     76                 4
    vsnprint.o                   60
    xencoding_8859_1.o           30
    xfail_s.o                    64                 4
    xgetmemchunk.o               44                 4
    xlocale_c.o                 120       69      128
    xmbcurmax.o                  10
    xprintffull.o             3 962
    xsnprout.o                   26
    -------------------------------------------------
    Total:                    8 442       69      636

m7M_tls.a: [3]
    DblAdd.o                    362
    DblCmpGe.o                   46
    DblCmpLe.o                   46
    DblDiv.o                    582
    DblMul.o                    418
    DblSub.o                    226
    DblToS32.o                   58
    DblToU32.o                   40
    S32ToDbl.o                   34
    U32ToDbl.o                   26
    fpinit_M.o                   34
    frexp.o                     112
    ldexp.o                     314
    -------------------------------------------------
    Total:                    2 298

rt7M_tl.a: [4]
    ABImemclr4.o                  6
    ABImemcpy.o                 166
    ABImemset.o                 102
    ABImemset48.o                50
    I64DivMod.o                 560
    I64DivZer.o                   2
    cexit.o                      10
    cmain.o                      30
    cstartup_M.o                 12
    data_init.o                  40
    lz77_init_single.o          122
    memchr.o                     88
    memcmp.o                    104
    strchr.o                     22
    strcmp.o                     74
    strcpy.o                     76
    strlen.o                     54
    zero_init3.o                 58
    -------------------------------------------------
    Total:                    1 576

shb_l.a: [5]
    ABIassert.o                  36
    exit.o                       20
    -------------------------------------------------
    Total:                       56

    Gaps                         40        8
    Linker created                        32    1 536
-----------------------------------------------------
    Grand Total:             36 346    6 504    3 920


*******************************************************************************
*** ENTRY LIST
***

Entry                       Address   Size  Type      Object
-----                       -------   ----  ----      ------
.iar.init_table$$Base    0x800'a498          --   Gb  - Linker created -
.iar.init_table$$Limit   0x800'a4b8          --   Gb  - Linker created -
?main                    0x800'a4d9         Code  Gb  cmain.o [4]
ADC_DMAConvCplt          0x800'6fd1   0x7a  Code  Lc  stm32f4xx_hal_adc.o [1]
ADC_DMAError             0x800'705d   0x1a  Code  Lc  stm32f4xx_hal_adc.o [1]
ADC_DMAHalfConvCplt      0x800'704d    0xe  Code  Lc  stm32f4xx_hal_adc.o [1]
ADC_IRQHandler           0x800'a319    0xa  Code  Gb  stm32f4xx_it.o [1]
ADC_Init                 0x800'6e51  0x15a  Code  Lc  stm32f4xx_hal_adc.o [1]
AHBPrescTable            0x800'a544   0x10  Data  Gb  system_stm32f4xx.o [1]
APBPrescTable            0x800'a5e4    0x8  Data  Gb  system_stm32f4xx.o [1]
BACK_COLOR              0x2000'00bc    0x2  Data  Gb  ILI93xx.o [1]
BusFault_Handler         0x800'a2db    0x2  Code  Gb  stm32f4xx_it.o [1]
CAN1_RX0_IRQHandler      0x800'a323    0xa  Code  Gb  stm32f4xx_it.o [1]
CAN1_RX1_IRQHandler      0x800'a32d    0xa  Code  Gb  stm32f4xx_it.o [1]
CAN1_SCE_IRQHandler      0x800'a337    0xa  Code  Gb  stm32f4xx_it.o [1]
CAN_config               0x800'932d   0x52  Code  Lc  can_utils.o [1]
CMD_USART               0x2000'068c   0x40  Data  Gb  cmd.o [1]
CSTACK$$Base            0x2000'0958          --   Gb  - Linker created -
CSTACK$$Limit           0x2000'0d58          --   Gb  - Linker created -
CacheMore                0x800'2181   0x24  Code  Lc  xlocale_c.o [2]
DMA2_Stream0_IRQHandler
                         0x800'a369    0xa  Code  Gb  stm32f4xx_it.o [1]
DMA2_Stream2_IRQHandler
                         0x800'a373    0xa  Code  Gb  stm32f4xx_it.o [1]
DMA2_Stream7_IRQHandler
                         0x800'a37d    0xa  Code  Gb  stm32f4xx_it.o [1]
DMAUSART_RX_BUF         0x2000'0364   0x64  Data  Gb  cmd.o [1]
DMA_CalcBaseAndBitshift
                         0x800'88a5   0x30  Code  Lc  stm32f4xx_hal_dma.o [1]
DMA_CalcBaseAndBitshift::flagBitshiftOffset
                         0x800'a5dc    0x8  Data  Lc  stm32f4xx_hal_dma.o [1]
DMA_CheckFifoParam       0x800'88e5   0x9c  Code  Lc  stm32f4xx_hal_dma.o [1]
DMA_RxOK_Flag           0x2000'090c    0x4  Data  Gb  cmd.o [1]
DMA_SetConfig            0x800'8877   0x2e  Code  Lc  stm32f4xx_hal_dma.o [1]
DMAaRxBuffer            0x2000'0300   0x64  Data  Gb  cmd.o [1]
DebugMon_Handler         0x800'a2e1    0x2  Code  Gb  stm32f4xx_it.o [1]
EXTI15_10_IRQHandler     0x800'a35d    0xc  Code  Gb  stm32f4xx_it.o [1]
EXTI1_IRQHandler         0x800'a2f1    0xa  Code  Gb  stm32f4xx_it.o [1]
EXTI2_IRQHandler         0x800'a2fb    0xa  Code  Gb  stm32f4xx_it.o [1]
EXTI3_IRQHandler         0x800'a305    0xa  Code  Gb  stm32f4xx_it.o [1]
EXTI4_IRQHandler         0x800'a30f    0xa  Code  Gb  stm32f4xx_it.o [1]
EXTI9_5_IRQHandler       0x800'a341   0x12  Code  Gb  stm32f4xx_it.o [1]
Error_Handler            0x800'5a75    0x2  Code  Gb  main.o [1]
FSMC_Initialized        0x2000'0918    0x4  Data  Lc  fsmc.o [1]
FSMC_NORSRAM_Extended_Timing_Init
                         0x800'4d19   0x44  Code  Gb  stm32f4xx_ll_fsmc.o [1]
FSMC_NORSRAM_Init        0x800'4c79   0x5a  Code  Gb  stm32f4xx_ll_fsmc.o [1]
FSMC_NORSRAM_Timing_Init
                         0x800'4cd3   0x46  Code  Gb  stm32f4xx_ll_fsmc.o [1]
HAL_ADCEx_InjectedConvCpltCallback
                         0x800'9429    0x2  Code  Wk  stm32f4xx_hal_adc_ex.o [1]
HAL_ADC_ConfigChannel    0x800'6cd5  0x17c  Code  Gb  stm32f4xx_hal_adc.o [1]
HAL_ADC_IRQHandler       0x800'698b  0x1e6  Code  Gb  stm32f4xx_hal_adc.o [1]
HAL_ADC_Init             0x800'6805   0x66  Code  Gb  stm32f4xx_hal_adc.o [1]
HAL_ADC_MspInit          0x800'65f7   0xb4  Code  Gb  adc.o [1]
HAL_ADC_Start            0x800'686b  0x120  Code  Gb  stm32f4xx_hal_adc.o [1]
HAL_ADC_Start_DMA        0x800'6b71  0x164  Code  Gb  stm32f4xx_hal_adc.o [1]
HAL_CAN_ActivateNotification
                         0x800'8dcd   0x34  Code  Gb  stm32f4xx_hal_can.o [1]
HAL_CAN_ConfigFilter     0x800'8aed  0x128  Code  Gb  stm32f4xx_hal_can.o [1]
HAL_CAN_GetRxMessage     0x800'8c75  0x158  Code  Gb  stm32f4xx_hal_can.o [1]
HAL_CAN_IRQHandler       0x800'8e01  0x224  Code  Gb  stm32f4xx_hal_can.o [1]
HAL_CAN_Init             0x800'8981  0x16c  Code  Gb  stm32f4xx_hal_can.o [1]
HAL_CAN_MspInit          0x800'64ab   0x98  Code  Gb  can.o [1]
HAL_CAN_RxFifo0FullCallback
                         0x800'932b    0x2  Code  Gb  can_utils.o [1]
HAL_CAN_RxFifo0MsgPendingCallback
                         0x800'92ff   0x2c  Code  Gb  can_utils.o [1]
HAL_CAN_Start            0x800'8c15   0x5c  Code  Gb  stm32f4xx_hal_can.o [1]
HAL_DMA_Abort_IT         0x800'8647   0x28  Code  Gb  stm32f4xx_hal_dma.o [1]
HAL_DMA_IRQHandler       0x800'866f  0x208  Code  Gb  stm32f4xx_hal_dma.o [1]
HAL_DMA_Init             0x800'84cd   0xe2  Code  Gb  stm32f4xx_hal_dma.o [1]
HAL_DMA_Start_IT         0x800'85af   0x98  Code  Gb  stm32f4xx_hal_dma.o [1]
HAL_Delay                0x800'48f5   0x28  Code  Wk  stm32f4xx_hal.o [1]
HAL_FSMC_MspInit         0x800'4ba7   0xa8  Code  Lc  fsmc.o [1]
HAL_GPIO_EXTI_Callback   0x800'4aeb   0x1c  Code  Gb  gpio.o [1]
HAL_GPIO_EXTI_IRQHandler
                         0x800'483b   0x20  Code  Gb  stm32f4xx_hal_gpio.o [1]
HAL_GPIO_Init            0x800'4611  0x210  Code  Gb  stm32f4xx_hal_gpio.o [1]
HAL_GPIO_WritePin        0x800'4821   0x1a  Code  Gb  stm32f4xx_hal_gpio.o [1]
HAL_GetTick              0x800'4d65    0xc  Code  Wk  stm32f4xx_hal.o [1]
HAL_IncTick              0x800'a3a1   0x18  Code  Wk  stm32f4xx_hal.o [1]
HAL_Init                 0x800'6299   0x30  Code  Gb  stm32f4xx_hal.o [1]
HAL_InitTick             0x800'7bc9   0x4c  Code  Wk  stm32f4xx_hal.o [1]
HAL_MspInit              0x800'7c15   0x40  Code  Gb  stm32f4xx_hal_msp.o [1]
HAL_NVIC_EnableIRQ       0x800'4e97    0xe  Code  Gb  stm32f4xx_hal_cortex.o [1]
HAL_NVIC_SetPriority     0x800'4e6d   0x2a  Code  Gb  stm32f4xx_hal_cortex.o [1]
HAL_NVIC_SetPriorityGrouping
                         0x800'4e61    0xc  Code  Gb  stm32f4xx_hal_cortex.o [1]
HAL_RCC_ClockConfig      0x800'79a5  0x13e  Code  Gb  stm32f4xx_hal_rcc.o [1]
HAL_RCC_GetHCLKFreq      0x800'7ae3    0x6  Code  Gb  stm32f4xx_hal_rcc.o [1]
HAL_RCC_GetPCLK1Freq     0x800'7ae9   0x16  Code  Gb  stm32f4xx_hal_rcc.o [1]
HAL_RCC_GetPCLK2Freq     0x800'7aff   0x16  Code  Gb  stm32f4xx_hal_rcc.o [1]
HAL_RCC_OscConfig        0x800'7625  0x380  Code  Wk  stm32f4xx_hal_rcc.o [1]
HAL_SPI_Init             0x800'5b15   0x8e  Code  Gb  stm32f4xx_hal_spi.o [1]
HAL_SPI_MspInit          0x800'6713   0x66  Code  Gb  spi.o [1]
HAL_SPI_Receive          0x800'5d4d  0x170  Code  Gb  stm32f4xx_hal_spi.o [1]
HAL_SPI_Transmit         0x800'5ba3  0x1aa  Code  Gb  stm32f4xx_hal_spi.o [1]
HAL_SPI_TransmitReceive
                         0x800'5ebd  0x23c  Code  Gb  stm32f4xx_hal_spi.o [1]
HAL_SRAM_Init            0x800'4899   0x5c  Code  Gb  stm32f4xx_hal_sram.o [1]
HAL_SRAM_MspInit         0x800'4c4f    0xa  Code  Gb  fsmc.o [1]
HAL_SYSTICK_Config       0x800'4ea5    0xc  Code  Gb  stm32f4xx_hal_cortex.o [1]
HAL_UART_IRQHandler      0x800'7e17  0x14a  Code  Gb  stm32f4xx_hal_uart.o [1]
HAL_UART_Init            0x800'7c55   0x76  Code  Gb  stm32f4xx_hal_uart.o [1]
HAL_UART_MspInit         0x800'6351   0xf0  Code  Gb  usart.o [1]
HAL_UART_Receive_DMA     0x800'7d61   0xb6  Code  Gb  stm32f4xx_hal_uart.o [1]
HAL_UART_Transmit_DMA    0x800'7ccb   0x96  Code  Gb  stm32f4xx_hal_uart.o [1]
HCAN                    0x2000'0764   0x28  Data  Gb  can_utils.o [1]
HEAP$$Base              0x2000'0d58          --   Gb  - Linker created -
HEAP$$Limit             0x2000'0f58          --   Gb  - Linker created -
HardFault_Handler        0x800'a2d7    0x2  Code  Gb  stm32f4xx_it.o [1]
HashTable_create         0x800'94ff   0x5a  Code  Gb  hash.o [1]
HashTable_get            0x800'95f3   0x60  Code  Gb  hash.o [1]
HashTable_insert         0x800'9559   0x9a  Code  Gb  hash.o [1]
HashTable_map            0x800'9653   0x74  Code  Gb  hash.o [1]
LCD_Clear                0x800'4065   0x30  Code  Gb  ILI93xx.o [1]
LCD_DrawLine             0x800'409d   0xbe  Code  Gb  ILI93xx.o [1]
LCD_DrawPoint            0x800'3cd9   0x1e  Code  Gb  ILI93xx.o [1]
LCD_DrawRectangle        0x800'415b   0x5c  Code  Gb  ILI93xx.o [1]
LCD_Fast_DrawPoint       0x800'3cf7   0x58  Code  Gb  ILI93xx.o [1]
LCD_Pow                  0x800'4309   0x18  Code  Gb  ILI93xx.o [1]
LCD_SetCursor            0x800'3c6d   0x6c  Code  Gb  ILI93xx.o [1]
LCD_Set_Window           0x800'445d   0x70  Code  Gb  ILI93xx.o [1]
LCD_ShowChar             0x800'41b7  0x14a  Code  Gb  ILI93xx.o [1]
LCD_ShowFloat            0x800'45c7   0x4a  Code  Gb  ILI93xx.o [1]
LCD_ShowNum              0x800'4321   0xca  Code  Gb  ILI93xx.o [1]
LCD_ShowString           0x800'43eb   0x72  Code  Gb  ILI93xx.o [1]
LCD_WR_DATA              0x800'3c49    0x8  Code  Gb  ILI93xx.o [1]
LCD_WR_REG               0x800'3c41    0x8  Code  Gb  ILI93xx.o [1]
LCD_WriteRAM_Prepare     0x800'3c5f    0xe  Code  Gb  ILI93xx.o [1]
LCD_WriteReg             0x800'3c51    0xe  Code  Gb  ILI93xx.o [1]
LoadInt                  0x800'138b   0x7a  Code  Lc  xprintffull.o [2]
MX_ADC1_Init             0x800'6559   0x9e  Code  Gb  adc.o [1]
MX_CAN1_Init             0x800'6465   0x46  Code  Gb  can.o [1]
MX_DMA_Init              0x800'62cd   0x50  Code  Gb  dma.o [1]
MX_FSMC_Init             0x800'4b25   0x82  Code  Gb  fsmc.o [1]
MX_GPIO_Init             0x800'491d  0x1ce  Code  Gb  gpio.o [1]
MX_SPI3_Init             0x800'66cd   0x46  Code  Gb  spi.o [1]
MX_USART1_UART_Init      0x800'631d   0x34  Code  Gb  usart.o [1]
MemManage_Handler        0x800'a2d9    0x2  Code  Gb  stm32f4xx_it.o [1]
NMI_Handler              0x800'a2d5    0x2  Code  Gb  stm32f4xx_it.o [1]
NVIC_EncodePriority      0x800'4df1   0x40  Code  Lc  stm32f4xx_hal_cortex.o [1]
POINT_COLOR             0x2000'0944    0x2  Data  Gb  ILI93xx.o [1]
PendSV_Handler           0x800'a2e3    0x2  Code  Gb  stm32f4xx_it.o [1]
Region$$Table$$Base      0x800'a498          --   Gb  - Linker created -
Region$$Table$$Limit     0x800'a4b8          --   Gb  - Linker created -
RxHeader                0x2000'0840   0x1c  Data  Gb  can_utils.o [1]
SPI_EndRxTransaction     0x800'6199   0x9a  Code  Lc  stm32f4xx_hal_spi.o [1]
SPI_EndRxTxTransaction   0x800'6233   0x5e  Code  Lc  stm32f4xx_hal_spi.o [1]
SPI_WaitFlagStateUntilTimeout
                         0x800'60f9   0xa0  Code  Lc  stm32f4xx_hal_spi.o [1]
SVC_Handler              0x800'a2df    0x2  Code  Gb  stm32f4xx_it.o [1]
SysTick_Config           0x800'4e31   0x30  Code  Lc  stm32f4xx_hal_cortex.o [1]
SysTick_Handler          0x800'a2e5    0xc  Code  Gb  stm32f4xx_it.o [1]
SystemClock_Config       0x800'5905   0xa2  Code  Gb  main.o [1]
SystemCoreClock         0x2000'0038    0x4  Data  Gb  system_stm32f4xx.o [1]
SystemInit               0x800'a3b9   0x40  Code  Gb  system_stm32f4xx.o [1]
TFTSRAM_Handler         0x2000'05f4   0x50  Data  Gb  ILI93xx.o [1]
TFT_LCD_Init             0x800'3d4f  0x316  Code  Gb  ILI93xx.o [1]
TxHeader                0x2000'085c   0x18  Data  Gb  can_utils.o [1]
UART_DMAAbortOnError     0x800'8089   0x16  Code  Lc  stm32f4xx_hal_uart.o [1]
UART_DMAError            0x800'7ff9   0x58  Code  Lc  stm32f4xx_hal_uart.o [1]
UART_DMAReceiveCplt      0x800'7fa5   0x44  Code  Lc  stm32f4xx_hal_uart.o [1]
UART_DMARxHalfCplt       0x800'7fe9    0xe  Code  Lc  stm32f4xx_hal_uart.o [1]
UART_DMATransmitCplt     0x800'7f61   0x34  Code  Lc  stm32f4xx_hal_uart.o [1]
UART_DMATxHalfCplt       0x800'7f95    0xe  Code  Lc  stm32f4xx_hal_uart.o [1]
UART_EndRxTransfer       0x800'8065   0x20  Code  Lc  stm32f4xx_hal_uart.o [1]
UART_EndTransmit_IT      0x800'810f   0x20  Code  Lc  stm32f4xx_hal_uart.o [1]
UART_EndTxTransfer       0x800'8051   0x14  Code  Lc  stm32f4xx_hal_uart.o [1]
UART_Receive_IT          0x800'812f   0xae  Code  Lc  stm32f4xx_hal_uart.o [1]
UART_SetConfig           0x800'81dd  0x2e2  Code  Lc  stm32f4xx_hal_uart.o [1]
UART_Transmit_IT         0x800'80a1   0x6e  Code  Lc  stm32f4xx_hal_uart.o [1]
USART1_IRQHandler        0x800'a353    0xa  Code  Gb  stm32f4xx_it.o [1]
UsageFault_Handler       0x800'a2dd    0x2  Code  Gb  stm32f4xx_it.o [1]
_Encoding_8859_1_Mbrlen
                         0x800'221d    0x2  Code  Gb  xencoding_8859_1.o [2]
_Encoding_8859_1_Wctomb
                         0x800'220b   0x12  Code  Gb  xencoding_8859_1.o [2]
_GenldFull               0x800'1e1d  0x274  Code  Lc  xprintffull.o [2]
_LdtobFull               0x800'19f1  0x400  Code  Lc  xprintffull.o [2]
_LitobFull               0x800'1899  0x112  Code  Lc  xprintffull.o [2]
_Locale_lconv           0x2000'003c   0x38  Data  Lc  xlocale_c.o [2]
_PrintfFull              0x800'11c9  0x1aa  Code  Gb  xprintffull.o [2]
_PutcharsFull            0x800'2091   0x2e  Code  Lc  xprintffull.o [2]
_PutfldFull              0x800'1405  0x2d8  Code  Lc  xprintffull.o [2]
_PutstrFull              0x800'17d3   0xc6  Code  Lc  xprintffull.o [2]
_PuttxtFull              0x800'16dd   0xf6  Code  Lc  xprintffull.o [2]
_SNProut                 0x800'229f   0x1a  Code  Gb  xsnprout.o [2]
_Strtok_ssave           0x2000'0938    0x4  Data  Lc  strtok.o [2]
__NVIC_EnableIRQ         0x800'4da7   0x1e  Code  Lc  stm32f4xx_hal_cortex.o [1]
__NVIC_GetPriorityGrouping
                         0x800'4d9b    0xc  Code  Lc  stm32f4xx_hal_cortex.o [1]
__NVIC_SetPriority       0x800'4dc5   0x2c  Code  Lc  stm32f4xx_hal_cortex.o [1]
__NVIC_SetPriorityGrouping
                         0x800'4d79   0x22  Code  Lc  stm32f4xx_hal_cortex.o [1]
__aeabi_assert           0x800'9809   0x24  Code  Gb  ABIassert.o [5]
__aeabi_cdcmple          0x800'2809         Code  Gb  DblCmpLe.o [3]
__aeabi_cdrcmple         0x800'2839         Code  Gb  DblCmpGe.o [3]
__aeabi_d2iz             0x800'29a5         Code  Gb  DblToS32.o [3]
__aeabi_d2uiz            0x800'2d31         Code  Gb  DblToU32.o [3]
__aeabi_ddiv             0x800'2ae9         Code  Gb  DblDiv.o [3]
__aeabi_dmul             0x800'25f5         Code  Gb  DblMul.o [3]
__aeabi_dsub             0x800'2a05         Code  Gb  DblSub.o [3]
__aeabi_i2d              0x800'29e1         Code  Gb  S32ToDbl.o [3]
__aeabi_ldiv0            0x800'2d75         Code  Gb  I64DivZer.o [4]
__aeabi_memclr4          0x800'4d71         Code  Gb  ABImemclr4.o [4]
__aeabi_memcpy           0x800'231d         Code  Gb  ABImemcpy.o [4]
__aeabi_memcpy4          0x800'233d         Code  Gb  ABImemcpy.o [4]
__aeabi_memcpy8          0x800'233d         Code  Gb  ABImemcpy.o [4]
__aeabi_memset           0x800'9435         Code  Gb  ABImemset.o [4]
__aeabi_ui2d             0x800'2d59         Code  Gb  U32ToDbl.o [3]
__aeabi_uldivmod         0x800'23c5         Code  Gb  I64DivMod.o [4]
__cmain                  0x800'a4d9         Code  Gb  cmain.o [4]
__data_GetMemChunk       0x800'1189   0x2c  Code  Gb  xgetmemchunk.o [2]
__data_GetMemChunk::start
                        0x2000'0940    0x4  Data  Lc  xgetmemchunk.o [2]
__exit                   0x800'11b5   0x14  Code  Gb  exit.o [5]
__iar_Fail_s             0x800'2229   0x1c  Code  Gb  xfail_s.o [2]
__iar_Mbcurmax           0x800'2311    0xa  Code  Gb  xmbcurmax.o [2]
__iar_Memchr             0x800'22b9         Code  Gb  memchr.o [4]
__iar_Memset             0x800'9435         Code  Gb  ABImemset.o [4]
__iar_Memset4_word       0x800'5a79         Code  Gb  ABImemset48.o [4]
__iar_Memset8_word       0x800'5a79         Code  Gb  ABImemset48.o [4]
__iar_Memset_word        0x800'943d         Code  Gb  ABImemset.o [4]
__iar_Strchr             0x800'21f5         Code  Gb  strchr.o [4]
__iar_dadd               0x800'2a15         Code  Gb  DblSub.o [3]
__iar_data_init3         0x800'a44d   0x28  Code  Gb  data_init.o [4]
__iar_dlmalloc           0x800'0e4d  0x2b6  Code  Gb  dlmalloc.o [2]
__iar_dsub               0x800'2d79         Code  Gb  DblAdd.o [3]
__iar_dsubStart          0x800'2d8b         Code  Gb  DblAdd.o [3]
__iar_frexp              0x800'27a5         Code  Gb  frexp.o [3]
__iar_frexpl             0x800'27a5         Code  Gb  frexp.o [3]
__iar_globLocale        0x2000'0074   0x48  Data  Lc  xlocale_c.o [2]
__iar_global_Locale      0x800'217d    0x4  Code  Gb  xlocale_c.o [2]
__iar_init_vfp           0x800'a475         Code  Gb  fpinit_M.o [3]
__iar_ldexp64            0x800'2869         Code  Gb  ldexp.o [3]
__iar_lz77_init_single3
                         0x800'110f   0x7a  Code  Gb  lz77_init_single.o [4]
__iar_program_start      0x800'a589         Code  Gb  cstartup_M.o [4]
__iar_scalbln64          0x800'2869         Code  Gb  ldexp.o [3]
__iar_scalbn64           0x800'2869         Code  Gb  ldexp.o [3]
__iar_softfp___iar_frexp64
                         0x800'2799         Code  Gb  frexp.o [3]
__iar_softfp_frexp       0x800'2799         Code  Gb  frexp.o [3]
__iar_softfp_frexpl      0x800'2799         Code  Gb  frexp.o [3]
__iar_zero_init3         0x800'2143   0x3a  Code  Gb  zero_init3.o [4]
__low_level_init         0x800'a4f7    0x4  Code  Gb  low_level_init.o [2]
__vector_table           0x800'0000         Data  Gb  startup_stm32f407xx.o [1]
_call_main               0x800'a4e5         Code  Gb  cmain.o [4]
_cmd_help                0x800'9279   0x18  Code  Lc  cmd.o [1]
_exit                    0x800'a501         Code  Gb  cexit.o [4]
_gLocale_mblen           0x800'21e1    0x4  Code  Gb  xlocale_c.o [2]
_gLocale_mblenInt        0x800'21a5   0x2c  Code  Gb  xlocale_c.o [2]
_gLocale_wctomb          0x800'21e5    0x4  Code  Gb  xlocale_c.o [2]
_gLocale_wctombInt       0x800'21dd    0x4  Code  Gb  xlocale_c.o [2]
_gm_                    0x2000'00c0  0x1d8  Data  Lc  dlmalloc.o [2]
_main                    0x800'a4f3         Code  Gb  cmain.o [4]
_nrf_clear_irq           0x800'551d    0xc  Code  Gb  nrf24l01.o [1]
_nrf_clear_maxrt_irq     0x800'5541    0xc  Code  Gb  nrf24l01.o [1]
_nrf_clear_rx_irq        0x800'5529    0xc  Code  Gb  nrf24l01.o [1]
_nrf_clear_tx_irq        0x800'5535    0xc  Code  Gb  nrf24l01.o [1]
_nrf_comm_send           0x800'71bb   0x20  Code  Gb  nrf_comm.o [1]
_nrf_enable_features     0x800'5685   0x2c  Code  Gb  nrf24l01.o [1]
_nrf_enable_pipe_address
                         0x800'53ed   0x2c  Code  Gb  nrf24l01.o [1]
_nrf_enable_pipe_autoack
                         0x800'53c1   0x2c  Code  Gb  nrf24l01.o [1]
_nrf_enable_pipe_dlp     0x800'5659   0x2c  Code  Gb  nrf24l01.o [1]
_nrf_flush_all           0x800'56f5    0xc  Code  Gb  nrf24l01.o [1]
_nrf_flush_rx            0x800'56d3   0x22  Code  Gb  nrf24l01.o [1]
_nrf_flush_tx            0x800'56b1   0x22  Code  Gb  nrf24l01.o [1]
_nrf_get_payload_width   0x800'557b   0x36  Code  Gb  nrf24l01.o [1]
_nrf_get_status          0x800'5513    0xa  Code  Gb  nrf24l01.o [1]
_nrf_read_rx_payload     0x800'5621   0x38  Code  Gb  nrf24l01.o [1]
_nrf_receive_callback    0x800'71db   0x42  Code  Gb  nrf_comm.o [1]
_nrf_set_address_width   0x800'5419   0x10  Code  Gb  nrf24l01.o [1]
_nrf_set_crc_type        0x800'52d7   0x48  Code  Gb  nrf24l01.o [1]
_nrf_set_frequency       0x800'5487   0x16  Code  Gb  nrf24l01.o [1]
_nrf_set_mode            0x800'5359   0x68  Code  Gb  nrf24l01.o [1]
_nrf_set_power           0x800'531f   0x3a  Code  Gb  nrf24l01.o [1]
_nrf_set_retr_delay      0x800'5429   0x2e  Code  Gb  nrf24l01.o [1]
_nrf_set_retr_retries    0x800'5457   0x30  Code  Gb  nrf24l01.o [1]
_nrf_set_rf_power        0x800'54e5   0x2e  Code  Gb  nrf24l01.o [1]
_nrf_set_rx_addr         0x800'554d   0x1a  Code  Gb  nrf24l01.o [1]
_nrf_set_speed           0x800'549d   0x48  Code  Gb  nrf24l01.o [1]
_nrf_set_tx_addr         0x800'5567   0x14  Code  Gb  nrf24l01.o [1]
_nrf_write_tx_payload    0x800'55b1   0x38  Code  Gb  nrf24l01.o [1]
_nrf_write_tx_payload_no_ack
                         0x800'55e9   0x38  Code  Gb  nrf24l01.o [1]
abort                    0x800'1109    0x6  Code  Gb  abort.o [2]
action                  0x2000'08c0    0xc  Data  Gb  lcd_func.o [1]
adc_exe                  0x800'75ad   0x78  Code  Gb  adc_func.o [1]
adc_flag                0x2000'08f8    0x4  Data  Gb  adc_func.o [1]
adc_rocker_value        0x2000'089c    0xc  Data  Gb  adc_func.o [1]
add_segment              0x800'0551  0x1f2  Code  Lc  dlmalloc.o [2]
angle_to360              0x800'74fd   0x58  Code  Gb  lcd_func.o [1]
asc2_1206                0x800'9e60  0x474  Data  Gb  ILI93xx.o [1]
asc2_1608                0x800'9870  0x5f0  Data  Gb  ILI93xx.o [1]
asc2_2412                0x800'2ee4  0xd5c  Data  Gb  ILI93xx.o [1]
b                       0x2000'08a8    0xc  Data  Gb  lcd_func.o [1]
between_A_B              0x800'73e3  0x11a  Code  Gb  lcd_func.o [1]
buffer_count            0x2000'0910    0x4  Data  Gb  cmd.o [1]
bupt                    0x2000'08b4    0xc  Data  Gb  lcd_func.o [1]
buptangle               0x2000'091c    0x4  Data  Gb  lcd_func.o [1]
can_callback_table      0x2000'0904    0x4  Data  Lc  can_utils.o [1]
can_exc_callback         0x800'92e5   0x1a  Code  Gb  can_utils.o [1]
can_exc_callback_flag   0x2000'08fc    0x4  Data  Gb  can_utils.o [1]
can_init                 0x800'92cd   0x18  Code  Gb  can_utils.o [1]
can_rx_data             0x2000'08d8    0x8  Data  Gb  can_utils.o [1]
can_std_mask_filter_conf
                         0x800'93a5   0x82  Code  Gb  can_utils.o [1]
cmd_add                  0x800'9141   0x54  Code  Gb  cmd.o [1]
cmd_argv                0x2000'070c   0x30  Data  Gb  cmd.o [1]
cmd_exec                 0x800'90f7   0x2c  Code  Gb  cmd.o [1]
cmd_help_func            0x800'9125   0x1c  Code  Gb  cmd.o [1]
cmd_init                 0x800'9051   0x26  Code  Gb  cmd.o [1]
cmd_parse                0x800'90af   0x48  Code  Gb  cmd.o [1]
cmd_table               0x2000'0908    0x4  Data  Lc  cmd.o [1]
cmpAtom                  0x800'94c5    0xe  Code  Lc  hash.o [1]
cnt                     0x2000'0950    0x1  Data  Lc  nrf_comm.o [1]
delim                   0x2000'0008    0x4  Data  Lc  cmd.o [1]
error                   0x2000'08cc    0xc  Data  Gb  lcd_func.o [1]
exit                     0x800'a4fb    0x4  Code  Gb  exit.o [2]
freeKeyAtom              0x800'94d7    0x2  Code  Lc  hash.o [1]
ftoa                     0x800'44f9   0xce  Code  Gb  ILI93xx.o [1]
hadc1                   0x2000'0644   0x48  Data  Gb  adc.o [1]
handle_show_lcd          0x800'72b1  0x132  Code  Gb  lcd_func.o [1]
hashAtom                 0x800'94d3    0x4  Code  Lc  hash.o [1]
hashStr                  0x800'94d9   0x26  Code  Gb  hash.o [1]
hcan1                   0x2000'073c   0x28  Data  Gb  can.o [1]
hdma_adc1               0x2000'042c   0x60  Data  Gb  adc.o [1]
hdma_usart1_rx          0x2000'048c   0x60  Data  Gb  usart.o [1]
hdma_usart1_tx          0x2000'04ec   0x60  Data  Gb  usart.o [1]
hspi3                   0x2000'054c   0x58  Data  Gb  spi.o [1]
hsram1                  0x2000'05a4   0x50  Data  Gb  fsmc.o [1]
huart1                  0x2000'06cc   0x40  Data  Gb  usart.o [1]
inc                      0x800'59a7   0x76  Code  Gb  main.o [1]
init_mparams             0x800'01a3   0x32  Code  Lc  dlmalloc.o [2]
init_top                 0x800'01d5   0x36  Code  Lc  dlmalloc.o [2]
lcd_data                0x2000'078c   0x28  Data  Gb  lcd_func.o [1]
lcd_flag                0x2000'092c    0x4  Data  Gb  main.o [1]
lcddev                  0x2000'088c   0x10  Data  Gb  ILI93xx.o [1]
ldexp                    0x800'2869         Code  Gb  ldexp.o [3]
ldexpl                   0x800'2869         Code  Gb  ldexp.o [3]
localeconv               0x800'21e9    0x4  Code  Gb  xlocale_c.o [2]
main                     0x800'5879   0x8c  Code  Gb  main.o [1]
main_flag               0x2000'0928    0x4  Data  Gb  main.o [1]
memchr                   0x800'22b9         Code  Gb  memchr.o [4]
memcmp                   0x800'5aad         Code  Gb  memcmp.o [4]
mparams                 0x2000'0874   0x18  Data  Lc  dlmalloc.o [2]
nrf_all_can_send        0x2000'0948    0x1  Data  Gb  nrf24l01.o [1]
nrf_comm_cmd             0x800'721d   0x62  Code  Gb  nrf_comm.o [1]
nrf_comm_send            0x800'7079   0xb8  Code  Gb  nrf_comm.o [1]
nrf_comm_send::num      0x2000'0930    0x4  Data  Lc  nrf_comm.o [1]
nrf_config              0x2000'0024   0x10  Data  Lc  nrf24l01.o [1]
nrf_flow_state          0x2000'0949    0x1  Data  Gb  nrf24l01.o [1]
nrf_handle              0x2000'07b4   0x24  Data  Gb  nrf24l01.o [1]
nrf_init                 0x800'4ed1  0x134  Code  Gb  nrf24l01.o [1]
nrf_irq_handle           0x800'510f   0xde  Code  Gb  nrf24l01.o [1]
nrf_main                 0x800'7131   0x8a  Code  Gb  nrf_comm.o [1]
nrf_read_reg             0x800'5751   0x38  Code  Lc  nrf24l01.o [1]
nrf_read_reg_byte        0x800'5789   0x16  Code  Lc  nrf24l01.o [1]
nrf_read_rx_data         0x800'5081   0x8e  Code  Gb  nrf24l01.o [1]
nrf_rx_addr             0x2000'0820   0x20  Data  Gb  nrf24l01.o [1]
nrf_rx_addr_set         0x2000'08f0    0x8  Data  Gb  nrf24l01.o [1]
nrf_rx_data             0x2000'07d8   0x24  Data  Gb  nrf24l01.o [1]
nrf_send_data            0x800'5005   0x7c  Code  Gb  nrf24l01.o [1]
nrf_set_rx_addr          0x800'5245   0x92  Code  Gb  nrf24l01.o [1]
nrf_set_tx_addr          0x800'51ed   0x58  Code  Gb  nrf24l01.o [1]
nrf_spi_delay            0x800'580f   0x1a  Code  Lc  nrf24l01.o [1]
nrf_spi_end              0x800'57fb   0x14  Code  Lc  nrf24l01.o [1]
nrf_spi_receive_callback
                         0x800'5a1d   0x20  Code  Gb  main.o [1]
nrf_spi_start            0x800'57e7   0x14  Code  Lc  nrf24l01.o [1]
nrf_test                 0x800'579f   0x48  Code  Lc  nrf24l01.o [1]
nrf_tx_addr             0x2000'08e8    0x8  Data  Gb  nrf24l01.o [1]
nrf_tx_buffer           0x2000'03c8   0x64  Data  Gb  nrf_comm.o [1]
nrf_tx_cnt              0x2000'094e    0x1  Data  Gb  nrf_comm.o [1]
nrf_tx_data             0x2000'07fc   0x24  Data  Gb  nrf24l01.o [1]
nrf_tx_data_lock         0x800'5829    0x8  Code  Gb  nrf24l01.o [1]
nrf_tx_data_unlock       0x800'5831    0x8  Code  Gb  nrf24l01.o [1]
nrf_tx_remainder        0x2000'094f    0x1  Data  Gb  nrf_comm.o [1]
nrf_write_reg            0x800'5701   0x3e  Code  Lc  nrf24l01.o [1]
nrf_write_reg_byte       0x800'573f   0x12  Code  Lc  nrf24l01.o [1]
prepend_alloc            0x800'020b  0x346  Code  Lc  dlmalloc.o [2]
print_buffer            0x2000'0298   0x68  Data  Gb  cmd.o [1]
rx_buffer               0x2000'08e0    0x8  Data  Lc  can_utils.o [1]
rx_callback_cnt         0x2000'094b    0x1  Data  Gb  nrf24l01.o [1]
rx_id                   0x2000'0900    0x4  Data  Lc  can_utils.o [1]
s                       0x2000'000c   0x18  Data  Lc  cmd.o [1]
scalbln                  0x800'2869         Code  Gb  ldexp.o [3]
scalblnl                 0x800'2869         Code  Gb  ldexp.o [3]
scalbn                   0x800'2869         Code  Gb  ldexp.o [3]
scalbnl                  0x800'2869         Code  Gb  ldexp.o [3]
scale                    0x800'19ab   0x46  Code  Lc  xprintffull.o [2]
sec_hand                0x2000'093c    0x4  Data  Lc  xfail_s.o [2]
segment_holding          0x800'0189   0x1a  Code  Lc  dlmalloc.o [2]
send_wave                0x800'91d1   0x8a  Code  Gb  cmd.o [1]
send_wave_flag          0x2000'0914    0x4  Data  Gb  flags.o [1]
simplelib_init           0x800'678d   0x1a  Code  Gb  simplelib.o [1]
simplelib_run            0x800'67a9   0x46  Code  Gb  simplelib.o [1]
std_id                  0x2000'0000    0x8  Data  Gb  can_utils.o [1]
str_cmp                  0x800'925d   0x1c  Code  Lc  cmd.o [1]
strchr                   0x800'21f5         Code  Gb  strchr.o [4]
strcmp                   0x800'97bd         Code  Gb  strcmp.o [4]
strcpy                   0x800'9735         Code  Gb  strcpy.o [4]
strcspn                  0x800'984f   0x22  Code  Gb  strcspn.o [2]
strlen                   0x800'2269         Code  Gb  strlen.o [4]
strspn                   0x800'982d   0x22  Code  Gb  strspn.o [2]
strtok                   0x800'96e9   0x4c  Code  Gb  strtok.o [2]
sys_alloc                0x800'0749  0x164  Code  Lc  dlmalloc.o [2]
system_time             0x2000'0920    0x4  Data  Gb  main.o [1]
temp                    0x2000'094d    0x1  Data  Lc  nrf24l01.o [1]
time_1ms_cnt            0x2000'0946    0x2  Data  Lc  main.o [1]
time_5ms_flag           0x2000'0924    0x4  Data  Gb  main.o [1]
tmalloc_large            0x800'08b9  0x386  Code  Lc  dlmalloc.o [2]
tmalloc_small            0x800'0c3f  0x200  Code  Lc  dlmalloc.o [2]
tx_locked               0x2000'094a    0x1  Data  Gb  nrf24l01.o [1]
tx_pipe0_addr_eq        0x2000'094c    0x1  Data  Lc  nrf24l01.o [1]
uprintf                  0x800'9195   0x3c  Code  Gb  cmd.o [1]
usart_DMA_init           0x800'9025   0x2c  Code  Gb  cmd.o [1]
usart_exc_DMA            0x800'9077   0x38  Code  Gb  cmd.o [1]
uwTick                  0x2000'0934    0x4  Data  Gb  stm32f4xx_hal.o [1]
uwTickFreq              0x2000'00be    0x1  Data  Gb  stm32f4xx_hal.o [1]
uwTickPrio              0x2000'0034    0x4  Data  Gb  stm32f4xx_hal.o [1]
vsnprintf                0x800'9781   0x3c  Code  Gb  vsnprint.o [2]


[1] = E:\Robocon_Value\Handle\EWARM\handle\Obj
[2] = dl7M_tlf.a
[3] = m7M_tls.a
[4] = rt7M_tl.a
[5] = shb_l.a

  36 346 bytes of readonly  code memory
   6 504 bytes of readonly  data memory
   3 920 bytes of readwrite data memory

Errors: none
Warnings: none
